Warning : 'b' is not initialized
Warning : Unused parameter 'b'
