Error : read-only variable 'a' is not assignable
Error : read-only variable 'b' is not assignable