Syntax error (1:7): expected symbol ','
Syntax error (4:1): expected symbol ';'
Syntax error (4:5): expected symbol ';'
