var a;
var b;
var c;
var d;
var e;
var f;
var g;
var k;
a := 2;
b := 3;
c := 2;
d := 1;
e := 1;
f := 2;
g := 2;
k := 1;
ecrire (a+b)*(c-d)/((e+f)*g-k);
ecrire ((a+b)*(c-d)/((e+f)*g-k));
